^ M
seedfile
parse_input/cert_example_multi.crt
parse_input/cert_example_multi_nocn.crt
parse_input/cert_md5.crt
parse_input/cert_sha1.crt
parse_input/cert_sha224.crt
parse_input/cert_sha256.crt
parse_input/cert_sha384.crt
parse_input/cert_sha512.crt
parse_input/cli-rsa-sha256-badalg.crt.der
parse_input/crl-idp.pem
parse_input/crl-idpnc.pem
parse_input/rsa_multiple_san_uri.crt.der
parse_input/rsa_single_san_uri.crt.der
parse_input/server1.cert_type.crt
parse_input/server1.crt
parse_input/server1.crt.der
parse_input/server1.key_usage.crt
parse_input/server1.req.md5
parse_input/server1.req.sha1
parse_input/server1.req.sha224
parse_input/server1.req.sha256
parse_input/server1.req.sha384
parse_input/server1.req.sha512
parse_input/server2.crt
parse_input/server2.crt.der
parse_input/server3.crt
parse_input/server4.crt
parse_input/server5-directoryname-seq-malformed.crt.der
parse_input/server5-directoryname.crt.der
parse_input/server5-fan.crt.der
parse_input/server5-nonprintable_othername.crt.der
parse_input/server5-othername.crt.der
parse_input/server5-second-directoryname-oid-malformed.crt.der
parse_input/server5-two-directorynames.crt.der
parse_input/server5-unsupported_othername.crt.der
parse_input/server5.crt
parse_input/server7_all_space.crt
parse_input/server7_int-ca.crt
parse_input/server7_pem_space.crt
parse_input/server7_trailing_space.crt
parse_input/server9-sha224.crt
parse_input/server9-sha256.crt
parse_input/server9-sha384.crt
parse_input/server9-sha512.crt
parse_input/server9.crt
parse_input/test-ca-any_policy.crt
parse_input/test-ca-any_policy_ec.crt
parse_input/test-ca-any_policy_with_qualifier.crt
parse_input/test-ca-any_policy_with_qualifier_ec.crt
parse_input/test-ca-multi_policy.crt
parse_input/test-ca-multi_policy_ec.crt
parse_input/test-ca-unsupported_policy.crt
parse_input/test-ca-unsupported_policy_ec.crt
parse_input/test-ca.crt
parse_input/test-ca.crt.der
parse_input/test_cert_rfc822name.crt.der
parse_input/test_csr_v3_all.csr.der
parse_input/test_csr_v3_all_malformed_attributes_extension_request.csr.der
parse_input/test_csr_v3_all_malformed_attributes_extension_request_sequence_len1.csr.der
parse_input/test_csr_v3_all_malformed_attributes_extension_request_sequence_len2.csr.der
parse_input/test_csr_v3_all_malformed_attributes_extension_request_sequence_tag.csr.der
parse_input/test_csr_v3_all_malformed_attributes_extension_request_set_tag.csr.der
parse_input/test_csr_v3_all_malformed_attributes_id_tag.csr.der
parse_input/test_csr_v3_all_malformed_attributes_len1.csr.der
parse_input/test_csr_v3_all_malformed_attributes_len2.csr.der
parse_input/test_csr_v3_all_malformed_attributes_sequence_tag.csr.der
parse_input/test_csr_v3_all_malformed_duplicated_extension.csr.der
parse_input/test_csr_v3_all_malformed_extension_data_len1.csr.der
parse_input/test_csr_v3_all_malformed_extension_data_len2.csr.der
parse_input/test_csr_v3_all_malformed_extension_data_tag.csr.der
parse_input/test_csr_v3_all_malformed_extension_id_tag.csr.der
parse_input/test_csr_v3_all_malformed_extension_key_usage_bitstream_tag.csr.der
parse_input/test_csr_v3_all_malformed_extension_ns_cert_bitstream_tag.csr.der
parse_input/test_csr_v3_all_malformed_extension_subject_alt_name_sequence_tag.csr.der
parse_input/test_csr_v3_all_malformed_extension_type_oid.csr.der
parse_input/test_csr_v3_all_malformed_extensions_sequence_tag.csr.der
parse_input/test_csr_v3_keyUsage.csr.der
parse_input/test_csr_v3_nsCertType.csr.der
parse_input/test_csr_v3_subjectAltName.csr.der
