parse_input/cert_example_multi.crt
parse_input/cert_example_multi_nocn.crt
parse_input/cert_md5.crt
parse_input/cert_sha1.crt
parse_input/cert_sha224.crt
parse_input/cert_sha256.crt
parse_input/cert_sha384.crt
parse_input/cert_sha512.crt
parse_input/cli-rsa-sha256-badalg.crt.der
parse_input/crl-idp.pem
parse_input/crl-idpnc.pem
parse_input/rsa_multiple_san_uri.crt.der
parse_input/rsa_single_san_uri.crt.der
parse_input/server1.cert_type.crt
parse_input/server1.crt
parse_input/server1.crt.der
parse_input/server1.key_usage.crt
parse_input/server1.req.md5
parse_input/server1.req.sha1
parse_input/server1.req.sha224
parse_input/server1.req.sha256
parse_input/server1.req.sha384
parse_input/server1.req.sha512
parse_input/server2.crt
parse_input/server2.crt.der
parse_input/server3.crt
parse_input/server4.crt
parse_input/server5-directoryname-seq-malformed.crt.der
parse_input/server5-directoryname.crt.der
parse_input/server5-fan.crt.der
parse_input/server5-nonprintable_othername.crt.der
parse_input/server5-othername.crt.der
parse_input/server5-second-directoryname-oid-malformed.crt.der
parse_input/server5-two-directorynames.crt.der
parse_input/server5-unsupported_othername.crt.der
parse_input/server5.crt
parse_input/server7_all_space.crt
parse_input/server7_int-ca.crt
parse_input/server7_pem_space.crt
parse_input/server7_trailing_space.crt
parse_input/server9-sha224.crt
parse_input/server9-sha256.crt
parse_input/server9-sha384.crt
parse_input/server9-sha512.crt
parse_input/server9.crt
parse_input/test-ca-any_policy.crt
parse_input/test-ca-any_policy_ec.crt
parse_input/test-ca-any_policy_with_qualifier.crt
parse_input/test-ca-any_policy_with_qualifier_ec.crt
parse_input/test-ca-multi_policy.crt
parse_input/test-ca-multi_policy_ec.crt
parse_input/test-ca-unsupported_policy.crt
parse_input/test-ca-unsupported_policy_ec.crt
parse_input/test-ca.crt
parse_input/test-ca.crt.der
parse_input/test_cert_rfc822name.crt.der
parse_input/test_csr_v3_all.csr.der
parse_input/test_csr_v3_all_malformed_attributes_extension_request.csr.der
parse_input/test_csr_v3_all_malformed_attributes_extension_request_sequence_len1.csr.der
parse_input/test_csr_v3_all_malformed_attributes_extension_request_sequence_len2.csr.der
parse_input/test_csr_v3_all_malformed_attributes_extension_request_sequence_tag.csr.der
parse_input/test_csr_v3_all_malformed_attributes_extension_request_set_tag.csr.der
parse_input/test_csr_v3_all_malformed_attributes_id_tag.csr.der
parse_input/test_csr_v3_all_malformed_attributes_len1.csr.der
parse_input/test_csr_v3_all_malformed_attributes_len2.csr.der
parse_input/test_csr_v3_all_malformed_attributes_sequence_tag.csr.der
parse_input/test_csr_v3_all_malformed_duplicated_extension.csr.der
parse_input/test_csr_v3_all_malformed_extension_data_len1.csr.der
parse_input/test_csr_v3_all_malformed_extension_data_len2.csr.der
parse_input/test_csr_v3_all_malformed_extension_data_tag.csr.der
parse_input/test_csr_v3_all_malformed_extension_id_tag.csr.der
parse_input/test_csr_v3_all_malformed_extension_key_usage_bitstream_tag.csr.der
parse_input/test_csr_v3_all_malformed_extension_ns_cert_bitstream_tag.csr.der
parse_input/test_csr_v3_all_malformed_extension_subject_alt_name_sequence_tag.csr.der
parse_input/test_csr_v3_all_malformed_extension_type_oid.csr.der
parse_input/test_csr_v3_all_malformed_extensions_sequence_tag.csr.der
parse_input/test_csr_v3_keyUsage.csr.der
parse_input/test_csr_v3_nsCertType.csr.der
parse_input/test_csr_v3_subjectAltName.csr.der
test-int-ca.key
test-int-ca2.key
test-ca2.key
server6.key
test-ca2-expired.crt
test-int-ca3.key
cli-rsa.key
server7.key
server8.key
server1.key
cli2.key
server5.key
server9.key
server10.key
crl-ec-sha256.pem
ec_prv.pk8.der
ec_prv.pk8nopub.der
ec_prv.pk8nopubparam.der
ec_prv.pk8param.der
ec_prv.sec1.pem
ec_224_prv.pem
ec_256_prv.pem
ec_384_prv.pem
ec_521_prv.pem
ec_bp256_prv.pem
ec_bp384_prv.pem
ec_bp512_prv.pem
ec_224_pub.pem
ec_256_pub.pem
ec_384_pub.pem
ec_521_pub.pem
ec_bp256_pub.pem
ec_bp384_pub.pem
ec_bp512_pub.pem
server1.pubkey
rsa4096_pub.pem
rsa4096_prv.pem
ec_256_long_prv.pem
ec_521_short_prv.pem
server2.key
server3.key
server4.key
rsa_single_san_uri.key
rsa_multiple_san_uri.key
authorityKeyId_no_authorityKeyId.crt.der
authorityKeyId_no_issuer.crt.der
authorityKeyId_no_keyid.crt.der
authorityKeyId_subjectKeyId.conf
authorityKeyId_subjectKeyId.crt.der
authorityKeyId_subjectKeyId_issuer_tag1_malformed.crt.der
authorityKeyId_subjectKeyId_issuer_tag2_malformed.crt.der
authorityKeyId_subjectKeyId_keyid_tag_len_malformed.crt.der
authorityKeyId_subjectKeyId_keyid_tag_malformed.crt.der
authorityKeyId_subjectKeyId_length_malformed.crt.der
authorityKeyId_subjectKeyId_sequence_tag_malformed.crt.der
authorityKeyId_subjectKeyId_sn_len_malformed.crt.der
authorityKeyId_subjectKeyId_sn_tag_malformed.crt.der
authorityKeyId_subjectKeyId_tag_len_malformed.crt.der
authorityKeyId_subjectKeyId_tag_malformed.crt.der
base64/cli_cid.txt
base64/cli_ciphersuite.txt
base64/cli_def.txt
base64/cli_min_cfg.txt
base64/cli_no_alpn.txt
base64/cli_no_keep_cert.txt
base64/cli_no_mfl.txt
base64/cli_no_packing.txt
base64/def_b64_ff.bin
base64/def_b64_too_big_1.txt
base64/def_b64_too_big_2.txt
base64/def_b64_too_big_3.txt
base64/def_bad_b64.txt
base64/empty.txt
base64/mfl_1024.txt
base64/mtu_10000.txt
base64/srv_cid.txt
base64/srv_ciphersuite.txt
base64/srv_def.txt
base64/srv_min_cfg.txt
base64/srv_no_alpn.txt
base64/srv_no_keep_cert.txt
base64/srv_no_mfl.txt
base64/srv_no_packing.txt
base64/v2.19.1.txt
cert_v1_with_ext.crt
cli-rsa-sha1.crt
cli-rsa-sha256.key.der
clusterfuzz-testcase-minimized-fuzz_x509crt-6666050834661376.crt.der
crl-ec-sha1.pem
crl-future.pem
crl-futureRevocationDate.pem
crl-rsa-pss-sha1-badsign.pem
crl-rsa-pss-sha1.pem
crl-rsa-pss-sha224.pem
crl-rsa-pss-sha256.pem
crl-rsa-pss-sha384.pem
crl-rsa-pss-sha512.pem
crl_cat_ecfut-rsa.pem
crl_cat_rsabadpem-ec.pem
crl_expired.pem
crl_sha256.pem
crt_cat_rsaexp-ec.pem
dh.1000.pem
dh.998.pem
dh.999.pem
dh.optlen.der
dh.optlen.pem
dhparams.pem
dir-maxpath/00.crt
dir-maxpath/00.key
dir-maxpath/01.crt
dir-maxpath/01.key
dir-maxpath/02.crt
dir-maxpath/02.key
dir-maxpath/03.crt
dir-maxpath/03.key
dir-maxpath/04.crt
dir-maxpath/04.key
dir-maxpath/05.crt
dir-maxpath/05.key
dir-maxpath/06.crt
dir-maxpath/06.key
dir-maxpath/07.crt
dir-maxpath/07.key
dir-maxpath/08.crt
dir-maxpath/08.key
dir-maxpath/09.crt
dir-maxpath/09.key
dir-maxpath/10.crt
dir-maxpath/10.key
dir-maxpath/11.crt
dir-maxpath/11.key
dir-maxpath/12.crt
dir-maxpath/12.key
dir-maxpath/13.crt
dir-maxpath/13.key
dir-maxpath/14.crt
dir-maxpath/14.key
dir-maxpath/15.crt
dir-maxpath/15.key
dir-maxpath/16.crt
dir-maxpath/16.key
dir-maxpath/17.crt
dir-maxpath/17.key
dir-maxpath/18.crt
dir-maxpath/18.key
dir-maxpath/19.crt
dir-maxpath/19.key
dir-maxpath/20.crt
dir-maxpath/20.key
dir-maxpath/Readme.txt
dir-maxpath/c00.pem
dir-maxpath/c01.pem
dir-maxpath/c02.pem
dir-maxpath/c03.pem
dir-maxpath/c04.pem
dir-maxpath/c05.pem
dir-maxpath/c06.pem
dir-maxpath/c07.pem
dir-maxpath/c08.pem
dir-maxpath/c09.pem
dir-maxpath/c10.pem
dir-maxpath/c11.pem
dir-maxpath/c12.pem
dir-maxpath/c13.pem
dir-maxpath/c14.pem
dir-maxpath/c15.pem
dir-maxpath/c16.pem
dir-maxpath/c17.pem
dir-maxpath/c18.pem
dir-maxpath/c19.pem
dir-maxpath/c20.pem
dir-maxpath/int.opensslconf
dir-maxpath/long.sh
dir1/test-ca.crt
dir2/test-ca.crt
dir2/test-ca2.crt
dir3/Readme
dir3/test-ca.crt
dir3/test-ca2.crt
dir4/Readme
dir4/cert11.crt
dir4/cert12.crt
dir4/cert13.crt
dir4/cert14.crt
dir4/cert21.crt
dir4/cert22.crt
dir4/cert23.crt
dir4/cert31.crt
dir4/cert32.crt
dir4/cert33.crt
dir4/cert34.crt
dir4/cert41.crt
dir4/cert42.crt
dir4/cert43.crt
dir4/cert44.crt
dir4/cert45.crt
dir4/cert51.crt
dir4/cert52.crt
dir4/cert53.crt
dir4/cert54.crt
dir4/cert61.crt
dir4/cert62.crt
dir4/cert63.crt
dir4/cert71.crt
dir4/cert72.crt
dir4/cert73.crt
dir4/cert74.crt
dir4/cert81.crt
dir4/cert82.crt
dir4/cert83.crt
dir4/cert91.crt
dir4/cert92.crt
ec_prv.pk8.pw.der
ec_prv.pk8.pw.pem
ec_prv.sec1.pw.pem
ec_prv.specdom.der
enco-ca-prstr.pem
enco-cert-utf8str.pem
format_gen.key
format_gen.pub
format_pkcs12.fmt
format_rsa.key
hash_file_1
hash_file_2
hash_file_3
hash_file_4
hash_file_5
keyUsage.decipherOnly.crt
lms_hash-sigs_sha256_m32_h5_lmots_sha256_n32_w8_aux
lms_hash-sigs_sha256_m32_h5_lmots_sha256_n32_w8_prv
lms_hash-sigs_sha256_m32_h5_lmots_sha256_n32_w8_pub
lms_hsslms_sha256_m32_h5_lmots_sha256_n32_w8_prv
lms_pyhsslms_sha256_m32_h5_lmots_sha256_n32_w8_prv
lms_pyhsslms_sha256_m32_h5_lmots_sha256_n32_w8_pub
mpi_16
mpi_too_big
parse_input/bitstring-in-dn.pem
parse_input/crl-ec-sha1.pem
parse_input/crl-ec-sha224.pem
parse_input/crl-ec-sha256.pem
parse_input/crl-ec-sha384.pem
parse_input/crl-ec-sha512.pem
parse_input/crl-malformed-trailing-spaces.pem
parse_input/crl-rsa-pss-sha1.pem
parse_input/crl-rsa-pss-sha224.pem
parse_input/crl-rsa-pss-sha256.pem
parse_input/crl-rsa-pss-sha384.pem
parse_input/crl-rsa-pss-sha512.pem
parse_input/crl_expired.pem
parse_input/crl_md5.pem
parse_input/crl_sha1.pem
parse_input/crl_sha224.pem
parse_input/crl_sha256.pem
parse_input/crl_sha384.pem
parse_input/crl_sha512.pem
parse_input/keyUsage.decipherOnly.crt
parse_input/multiple_san.crt
parse_input/non-ascii-string-in-issuer.crt
parse_input/server1-ms.req.sha256
parse_input/server1.ext_ku.crt
parse_input/server1_pathlen_int_max-1.crt
parse_input/server1_pathlen_int_max.crt
parse_input/server5-sha1.crt
parse_input/server5-sha224.crt
parse_input/server5-sha384.crt
parse_input/server5-sha512.crt
parse_input/server5.req.sha1
parse_input/server5.req.sha224
parse_input/server5.req.sha256
parse_input/server5.req.sha384
parse_input/server5.req.sha512
parse_input/server9.req.sha1
parse_input/server9.req.sha224
parse_input/server9.req.sha256
parse_input/server9.req.sha384
parse_input/server9.req.sha512
passwd.psk
pkcs7_data_no_signers.der
print_c.pl
rsa512.key
rsa521.key
rsa522.key
rsa528.key
rsa_pkcs8_1024_public.der
rsa_single_san_uri.crt.der
server1.80serial.crt
server1.allSubjectAltNames.crt
server1.cert_type.crt.openssl.v3_ext
server1.crt.openssl.v3_ext
server1.csr
server1.der
server1.key_ext_usage.crt
server1.key_ext_usages.crt
server1.key_usage.crt.openssl.v3_ext
server1.long_serial.crt
server1.long_serial_FF.crt
server1_csr.opensslconf
server2-v1-chain.crt
server5-expired.crt
server5-future.crt
server5-tricky-ip-san-malformed-len.crt.der
server9-bad-saltlen.crt
simplepass.psk
test-ca.der
test-ca.server1.future-crl.db
test-ca.server1.future-crl.opensslconf
test-ca.server1.test_serial.opensslconf
test-ca2.key.enc
